--- Warning: GDB cannot open serial ports accessed as COMx

--- Using \\.\COM8 instead...

--- esp-idf-monitor 1.9.0 on \\.\COM8 115200

--- Quit: Ctrl+] | Menu: Ctrl+T | Help: Ctrl+T followed by Ctrl+H
Executing action: monitor
Running idf_monitor in directory C:\Users\Omar\esp-projects\wifi_got_ip_demo
Executing "C:\Espressif\python_env\idf5.5_py3.14_env\Scripts\python.exe C:\esp\v5.5.4\esp-idf\tools/idf_monitor.py -p COM8 -b 115200 --toolchain-prefix xtensa-esp32s3-elf- --target esp32s3 --revision 0 C:\Users\Omar\esp-projects\wifi_got_ip_demo\build\wifi_station.elf C:\Users\Omar\esp-projects\wifi_got_ip_demo\build\bootloader\bootloader.elf --force-color -m 'C:\Espressif\python_env\idf5.5_py3.14_env\Scripts\python.exe' 'C:\esp\v5.5.4\esp-idf\tools\idf.py' '-C' 'C:\Users\Omar\esp-projects\wifi_got_ip_demo' '-p' 'COM8'"...
ESP-ROM:esp32s3-20210327

Build:Mar 27 2021

rst:0x1 (POWERON),boot:0x8 (SPI_FAST_FLASH_BOOT)

SPIWP:0xee

mode:DIO, clock div:1

load:0x3fce2820,len:0x14f0

load:0x403c8700,len:0xd24

--- 0x403c8700: _stext at ??:?
load:0x403cb700,len:0x2ef0

entry 0x403c8924

--- 0x403c8924: call_start_cpu0 at C:/esp/v5.5.4/esp-idf/components/bootloader/subproject/main/bootloader_start.c:27
I (24) boot: ESP-IDF v5.5.4 2nd stage bootloader

I (25) boot: compile time Jun 29 2026 13:03:16

I (25) boot: Multicore bootloader

I (25) boot: chip revision: v0.2

I (28) boot: efuse block revision: v1.3

I (31) boot.esp32s3: Boot SPI Speed : 80MHz

I (35) boot.esp32s3: SPI Mode       : DIO

I (39) boot.esp32s3: SPI Flash Size : 2MB

I (43) boot: Enabling RNG early entropy source...

I (47) boot: Partition Table:

I (50) boot: ## Label            Usage          Type ST Offset   Length

I (56) boot:  0 nvs              WiFi data        01 02 00009000 00006000

I (63) boot:  1 phy_init         RF data          01 01 0000f000 00001000

I (69) boot:  2 factory          factory app      00 00 00010000 00100000

I (76) boot: End of partition table

I (79) esp_image: segment 0: paddr=00010020 vaddr=3c080020 size=18758h (100184) map

I (104) esp_image: segment 1: paddr=00028780 vaddr=3fc9a100 size=04db8h ( 19896) load

I (108) esp_image: segment 2: paddr=0002d540 vaddr=40374000 size=02ad8h ( 10968) load

I (111) esp_image: segment 3: paddr=00030020 vaddr=42000020 size=77c14h (490516) map

I (202) esp_image: segment 4: paddr=000a7c3c vaddr=40376ad8 size=135e4h ( 79332) load

I (219) esp_image: segment 5: paddr=000bb228 vaddr=50000000 size=00020h (    32) load

I (228) boot: Loaded app from partition at offset 0x10000

I (229) boot: Disabling RNG early entropy source...

I (239) cpu_start: Multicore app

I (247) cpu_start: GPIO 44 and 43 are used as console UART I/O pins

I (248) cpu_start: Pro cpu start user code

I (248) cpu_start: cpu freq: 160000000 Hz

I (249) app_init: Application information:

I (253) app_init: Project name:     wifi_station

I (258) app_init: App version:      1

I (261) app_init: Compile time:     Jun 29 2026 13:00:54

I (266) app_init: ELF file SHA256:  8f909036e...

I (270) app_init: ESP-IDF:          v5.5.4

I (274) efuse_init: Min chip rev:     v0.0

I (278) efuse_init: Max chip rev:     v0.99 

I (282) efuse_init: Chip rev:         v0.2

I (286) heap_init: Initializing. RAM available for dynamic allocation:

I (292) heap_init: At 3FCA3008 len 00046708 (281 KiB): RAM

I (297) heap_init: At 3FCE9710 len 00005724 (21 KiB): RAM

I (302) heap_init: At 3FCF0000 len 00008000 (32 KiB): DRAM

I (308) heap_init: At 600FE000 len 00001FE8 (7 KiB): RTCRAM

I (314) spi_flash: detected chip: boya

I (316) spi_flash: flash io: dio

W (319) spi_flash: Detected size(16384k) larger than the size in the binary image header(2048k). Using the size in the binary image header.

I (332) sleep_gpio: Configure to isolate all GPIO pins in sleep state

I (338) sleep_gpio: Enable automatic switching of GPIO sleep configuration

I (345) main_task: Started on CPU0

I (365) main_task: Calling app_main()

I (385) wifi_station: ESP_WIFI_MODE_STA

I (385) pp: pp rom version: e7ae62f

I (385) net80211: net80211 rom version: e7ae62f

I (395) wifi:wifi driver task: 3fca7db8, prio:23, stack:6656, core=0

I (405) wifi:wifi firmware version: 0947e8b

I (405) wifi:wifi certification version: v7.0

I (405) wifi:config NVS flash: enabled

I (405) wifi:config nano formatting: disabled

I (405) wifi:Init data frame dynamic rx buffer num: 32

I (415) wifi:Init static rx mgmt buffer num: 5

I (415) wifi:Init management short buffer num: 32

I (415) wifi:Init dynamic tx buffer num: 32

I (425) wifi:Init static tx FG buffer num: 2

I (425) wifi:Init static rx buffer size: 1600

I (435) wifi:Init static rx buffer num: 10

I (435) wifi:Init dynamic rx buffer num: 32

I (435) wifi_init: rx ba win: 6

I (445) wifi_init: accept mbox: 6

I (445) wifi_init: tcpip mbox: 32

I (445) wifi_init: udp mbox: 6

I (455) wifi_init: tcp mbox: 6

I (455) wifi_init: tcp tx win: 5760

I (455) wifi_init: tcp rx win: 5760

I (455) wifi_init: tcp mss: 1440

I (465) wifi_init: WiFi IRAM OP enabled

I (465) wifi_init: WiFi RX IRAM OP enabled

I (475) phy_init: phy_version 711,97bcf0a2,Aug 25 2025,19:04:10

I (515) wifi:mode : sta (3c:0f:02:db:f7:08)

I (515) wifi:enable tsf

I (515) wifi_station: wifi_init_sta finished.

I (525) wifi:new:<11,0>, old:<1,0>, ap:<255,255>, sta:<11,0>, prof:1, snd_ch_cfg:0x0

I (525) wifi:state: init -> auth (0xb0)

I (1525) wifi:state: auth -> init (0x200)

I (1535) wifi:new:<11,0>, old:<11,0>, ap:<255,255>, sta:<11,0>, prof:1, snd_ch_cfg:0x0

I (1535) wifi_station: retry to connect to the AP

I (1535) wifi_station: connect to the AP fail

I (3945) wifi_station: retry to connect to the AP

I (3945) wifi_station: connect to the AP fail

I (3955) wifi:new:<11,0>, old:<11,0>, ap:<255,255>, sta:<11,0>, prof:1, snd_ch_cfg:0x0

I (3955) wifi:state: init -> auth (0xb0)

I (3965) wifi:state: auth -> assoc (0x0)

I (3965) wifi:state: assoc -> run (0x10)

I (3985) wifi:connected with MyHomeWiFi, aid = 3, channel 11, BW20, bssid = b2:a4:f0:37:19:e0

I (3985) wifi:security: WPA2-PSK, phy: bgn, rssi: -42, cipher(pairwise:0x3, group:0x3), pmf:0

I (3995) wifi:pm start, type: 1



I (3995) wifi:dp: 1, bi: 102400, li: 3, scale listen interval from 307200 us to 307200 us

I (4005) wifi:set rx beacon pti, rx_bcn_pti: 0, bcn_timeout: 25000, mt_pti: 0, mt_time: 10000

I (4015) wifi_station: STA_CONNECTED Ã¢â‚¬â€ link up (association complete)

I (4015) wifi:AP's beacon interval = 102400 us, DTIM period = 1

I (7175) esp_netif_handlers: sta ip: 192.168.100.6, mask: 255.255.255.0, gw: 192.168.100.1

I (7175) wifi_station: got ip:192.168.100.6

I (7175) wifi_station: connected to AP SSID:MyHomeWiFi

I (7175) wifi_station: network ready Ã¢â‚¬â€ resolving pool.ntp.org ...

I (7225) wifi_station: resolved pool.ntp.org -> 162.159.200.1  (network is actually online)

I (7225) main_task: Returned from app_main()

